  Determining projects to restore...
  All projects are up-to-date for restore.
  KrishiEye.Services.Transport.Domain -> D:\Resources\Projects\KrishiEye\src\Services\Transport\KrishiEye.Services.Transport.Domain\bin\Debug\net9.0\KrishiEye.Services.Transport.Domain.dll
  KrishiEye.Services.Transport.Application -> D:\Resources\Projects\KrishiEye\src\Services\Transport\KrishiEye.Services.Transport.Application\bin\Debug\net9.0\KrishiEye.Services.Transport.Application.dll
  KrishiEye.Services.Transport.Infrastructure -> D:\Resources\Projects\KrishiEye\src\Services\Transport\KrishiEye.Services.Transport.Infrastructure\bin\Debug\net9.0\KrishiEye.Services.Transport.Infrastructure.dll
D:\Resources\Projects\KrishiEye\src\Services\Transport\KrishiEye.Services.Transport.API\Program.cs(12,1): error CS0103: The name 'builder' does not exist in the current context [D:\Resources\Projects\KrishiEye\src\Services\Transport\KrishiEye.Services.Transport.API\KrishiEye.Services.Transport.API.csproj]
D:\Resources\Projects\KrishiEye\src\Services\Transport\KrishiEye.Services.Transport.API\Program.cs(13,1): error CS0103: The name 'builder' does not exist in the current context [D:\Resources\Projects\KrishiEye\src\Services\Transport\KrishiEye.Services.Transport.API\KrishiEye.Services.Transport.API.csproj]
D:\Resources\Projects\KrishiEye\src\Services\Transport\KrishiEye.Services.Transport.API\Program.cs(14,1): error CS0103: The name 'builder' does not exist in the current context [D:\Resources\Projects\KrishiEye\src\Services\Transport\KrishiEye.Services.Transport.API\KrishiEye.Services.Transport.API.csproj]
D:\Resources\Projects\KrishiEye\src\Services\Transport\KrishiEye.Services.Transport.API\Program.cs(15,1): error CS0103: The name 'builder' does not exist in the current context [D:\Resources\Projects\KrishiEye\src\Services\Transport\KrishiEye.Services.Transport.API\KrishiEye.Services.Transport.API.csproj]
D:\Resources\Projects\KrishiEye\src\Services\Transport\KrishiEye.Services.Transport.API\Program.cs(17,1): error CS0103: The name 'builder' does not exist in the current context [D:\Resources\Projects\KrishiEye\src\Services\Transport\KrishiEye.Services.Transport.API\KrishiEye.Services.Transport.API.csproj]
D:\Resources\Projects\KrishiEye\src\Services\Transport\KrishiEye.Services.Transport.API\Program.cs(18,1): error CS0103: The name 'builder' does not exist in the current context [D:\Resources\Projects\KrishiEye\src\Services\Transport\KrishiEye.Services.Transport.API\KrishiEye.Services.Transport.API.csproj]
D:\Resources\Projects\KrishiEye\src\Services\Transport\KrishiEye.Services.Transport.API\Program.cs(19,1): error CS0103: The name 'builder' does not exist in the current context [D:\Resources\Projects\KrishiEye\src\Services\Transport\KrishiEye.Services.Transport.API\KrishiEye.Services.Transport.API.csproj]
D:\Resources\Projects\KrishiEye\src\Services\Transport\KrishiEye.Services.Transport.API\Program.cs(22,1): error CS0103: The name 'builder' does not exist in the current context [D:\Resources\Projects\KrishiEye\src\Services\Transport\KrishiEye.Services.Transport.API\KrishiEye.Services.Transport.API.csproj]
D:\Resources\Projects\KrishiEye\src\Services\Transport\KrishiEye.Services.Transport.API\Program.cs(25,9): error CS0103: The name 'builder' does not exist in the current context [D:\Resources\Projects\KrishiEye\src\Services\Transport\KrishiEye.Services.Transport.API\KrishiEye.Services.Transport.API.csproj]
D:\Resources\Projects\KrishiEye\src\Services\Transport\KrishiEye.Services.Transport.API\Program.cs(33,11): error CS0103: The name 'builder' does not exist in the current context [D:\Resources\Projects\KrishiEye\src\Services\Transport\KrishiEye.Services.Transport.API\KrishiEye.Services.Transport.API.csproj]

Build FAILED.

D:\Resources\Projects\KrishiEye\src\Services\Transport\KrishiEye.Services.Transport.API\Program.cs(12,1): error CS0103: The name 'builder' does not exist in the current context [D:\Resources\Projects\KrishiEye\src\Services\Transport\KrishiEye.Services.Transport.API\KrishiEye.Services.Transport.API.csproj]
D:\Resources\Projects\KrishiEye\src\Services\Transport\KrishiEye.Services.Transport.API\Program.cs(13,1): error CS0103: The name 'builder' does not exist in the current context [D:\Resources\Projects\KrishiEye\src\Services\Transport\KrishiEye.Services.Transport.API\KrishiEye.Services.Transport.API.csproj]
D:\Resources\Projects\KrishiEye\src\Services\Transport\KrishiEye.Services.Transport.API\Program.cs(14,1): error CS0103: The name 'builder' does not exist in the current context [D:\Resources\Projects\KrishiEye\src\Services\Transport\KrishiEye.Services.Transport.API\KrishiEye.Services.Transport.API.csproj]
D:\Resources\Projects\KrishiEye\src\Services\Transport\KrishiEye.Services.Transport.API\Program.cs(15,1): error CS0103: The name 'builder' does not exist in the current context [D:\Resources\Projects\KrishiEye\src\Services\Transport\KrishiEye.Services.Transport.API\KrishiEye.Services.Transport.API.csproj]
D:\Resources\Projects\KrishiEye\src\Services\Transport\KrishiEye.Services.Transport.API\Program.cs(17,1): error CS0103: The name 'builder' does not exist in the current context [D:\Resources\Projects\KrishiEye\src\Services\Transport\KrishiEye.Services.Transport.API\KrishiEye.Services.Transport.API.csproj]
D:\Resources\Projects\KrishiEye\src\Services\Transport\KrishiEye.Services.Transport.API\Program.cs(18,1): error CS0103: The name 'builder' does not exist in the current context [D:\Resources\Projects\KrishiEye\src\Services\Transport\KrishiEye.Services.Transport.API\KrishiEye.Services.Transport.API.csproj]
D:\Resources\Projects\KrishiEye\src\Services\Transport\KrishiEye.Services.Transport.API\Program.cs(19,1): error CS0103: The name 'builder' does not exist in the current context [D:\Resources\Projects\KrishiEye\src\Services\Transport\KrishiEye.Services.Transport.API\KrishiEye.Services.Transport.API.csproj]
D:\Resources\Projects\KrishiEye\src\Services\Transport\KrishiEye.Services.Transport.API\Program.cs(22,1): error CS0103: The name 'builder' does not exist in the current context [D:\Resources\Projects\KrishiEye\src\Services\Transport\KrishiEye.Services.Transport.API\KrishiEye.Services.Transport.API.csproj]
D:\Resources\Projects\KrishiEye\src\Services\Transport\KrishiEye.Services.Transport.API\Program.cs(25,9): error CS0103: The name 'builder' does not exist in the current context [D:\Resources\Projects\KrishiEye\src\Services\Transport\KrishiEye.Services.Transport.API\KrishiEye.Services.Transport.API.csproj]
D:\Resources\Projects\KrishiEye\src\Services\Transport\KrishiEye.Services.Transport.API\Program.cs(33,11): error CS0103: The name 'builder' does not exist in the current context [D:\Resources\Projects\KrishiEye\src\Services\Transport\KrishiEye.Services.Transport.API\KrishiEye.Services.Transport.API.csproj]
    0 Warning(s)
    10 Error(s)

Time Elapsed 00:00:06.92
